// Jest Snapshot v1, https://goo.gl/fbAQLP

exports[`renders CalendarEdit 1`] = `
<View
  style={
    {
      "padding": 12,
    }
  }
>
  <View
    style={
      {
        "alignItems": "flex-start",
        "flexGrow": 1,
        "justifyContent": "center",
        "width": "100%",
      }
    }
  >
    <View
      style={
        {
          "alignItems": "center",
          "flexDirection": "row",
          "flexGrow": 1,
          "justifyContent": "flex-start",
          "width": "100%",
        }
      }
    >
      <View
        style={
          {
            "flexGrow": 1,
            "width": "100%",
          }
        }
      >
        <View
          pointerEvents="none"
          style={
            [
              {
                "bottom": 0,
                "left": 0,
                "position": "absolute",
                "right": 0,
                "top": 6,
              },
              false,
              {
                "backgroundColor": "rgba(255, 251, 254, 1)",
                "borderColor": "rgba(121, 116, 126, 1)",
                "borderRadius": 4,
                "borderWidth": 1,
              },
              undefined,
            ]
          }
          testID="text-input-outline"
        />
        <View
          style={
            [
              {
                "flexGrow": 1,
                "paddingBottom": 0,
              },
              {
                "minHeight": 56,
                "paddingTop": 8,
              },
            ]
          }
        >
          <View
            pointerEvents="none"
            style={
              [
                {
                  "bottom": 0,
                  "left": 0,
                  "position": "absolute",
                  "right": 0,
                  "top": 0,
                },
                {
                  "overflow": "hidden",
                },
                {
                  "zIndex": 3,
                },
              ]
            }
          >
            <View
              collapsable={false}
              pointerEvents="none"
              style={
                {
                  "bottom": 0,
                  "left": 0,
                  "opacity": 0,
                  "position": "absolute",
                  "right": 0,
                  "top": 0,
                  "transform": [
                    {
                      "translateX": 3,
                    },
                  ],
                  "width": 750,
                }
              }
            >
              <View
                style={
                  {
                    "width": 97.33333333333333,
                  }
                }
              >
                <Text
                  collapsable={false}
                  maxFontSizeMultiplier={1.5}
                  numberOfLines={1}
                  style={
                    {
                      "backgroundColor": "rgba(255, 251, 254, 1)",
                      "color": "transparent",
                      "fontFamily": "System",
                      "fontSize": 16,
                      "fontWeight": undefined,
                      "height": 0,
                      "left": 8,
                      "letterSpacing": 0.15,
                      "lineHeight": undefined,
                      "opacity": 1,
                      "paddingHorizontal": 0,
                      "position": "absolute",
                      "textAlign": "left",
                      "top": 33,
                      "transform": [
                        {
                          "translateX": 0,
                        },
                        {
                          "translateY": -26,
                        },
                        {
                          "scale": 0.75,
                        },
                        {
                          "scaleY": 0.2,
                        },
                      ],
                      "width": -16,
                      "writingDirection": "ltr",
                    }
                  }
                  testID="text-input-outlined-label-background"
                />
                <Text
                  collapsable={false}
                  maxFontSizeMultiplier={1.5}
                  numberOfLines={1}
                  onLayout={[Function]}
                  onTextLayout={[Function]}
                  style={
                    {
                      "color": "rgba(103, 80, 164, 1)",
                      "fontFamily": "System",
                      "fontSize": 16,
                      "fontWeight": undefined,
                      "left": 0,
                      "letterSpacing": 0.15,
                      "lineHeight": undefined,
                      "maxWidth": 97.33333333333333,
                      "opacity": 0,
                      "paddingHorizontal": 16,
                      "position": "absolute",
                      "textAlign": "left",
                      "top": 32,
                      "transform": [
                        {
                          "translateX": 0,
                        },
                        {
                          "translateY": -26,
                        },
                        {
                          "scale": 0.75,
                        },
                      ],
                      "writingDirection": "ltr",
                    }
                  }
                  testID="text-input-outlined-label-active"
                >
                  MM/DD/YYYY
                </Text>
                <Text
                  collapsable={false}
                  maxFontSizeMultiplier={1.5}
                  numberOfLines={1}
                  style={
                    {
                      "color": "rgba(73, 69, 79, 1)",
                      "fontFamily": "System",
                      "fontSize": 16,
                      "fontWeight": undefined,
                      "left": 0,
                      "letterSpacing": 0.15,
                      "lineHeight": undefined,
                      "maxWidth": 97.33333333333333,
                      "opacity": 0,
                      "paddingHorizontal": 16,
                      "position": "absolute",
                      "textAlign": "left",
                      "top": 32,
                      "transform": [
                        {
                          "translateX": 0,
                        },
                        {
                          "translateY": -26,
                        },
                        {
                          "scale": 0.75,
                        },
                      ],
                      "writingDirection": "ltr",
                    }
                  }
                  testID="text-input-outlined-label-inactive"
                >
                  MM/DD/YYYY
                </Text>
              </View>
            </View>
          </View>
          <TextInput
            autoComplete="off"
            cursorColor="rgba(103, 80, 164, 1)"
            editable={true}
            keyboardAppearance="default"
            keyboardType="number-pad"
            maxFontSizeMultiplier={1.5}
            maxLength={10}
            multiline={false}
            onBlur={[Function]}
            onChange={[Function]}
            onChangeText={[Function]}
            onFocus={[Function]}
            onLayout={[Function]}
            onSubmitEditing={[Function]}
            placeholderTextColor="transparent"
            selectionColor="rgba(103, 80, 164, 1)"
            style={
              [
                {
                  "flexGrow": 1,
                  "margin": 0,
                },
                {
                  "height": 48,
                },
                {
                  "paddingBottom": 0,
                  "paddingTop": 0,
                },
                {
                  "color": "rgba(28, 27, 31, 1)",
                  "fontFamily": "System",
                  "fontSize": 16,
                  "fontWeight": undefined,
                  "letterSpacing": 0.15,
                  "lineHeight": undefined,
                  "minWidth": 65,
                  "paddingHorizontal": 16,
                  "textAlign": "left",
                  "textAlignVertical": "center",
                },
                undefined,
                [
                  {},
                ],
                undefined,
              ]
            }
            testID="text-input-outlined"
            underlineColorAndroid="transparent"
            value="01/15/2025"
            withModal={false}
          />
        </View>
      </View>
    </View>
  </View>
</View>
`;
