// Jest Snapshot v1, https://goo.gl/fbAQLP

exports[`renders DayRange 1`] = `
<View
  pointerEvents="none"
  style={
    [
      {
        "bottom": 0,
        "left": 0,
        "position": "absolute",
        "right": 0,
        "top": 0,
      },
      {
        "flexDirection": "row",
      },
      {
        "borderRadius": 23,
      },
      {
        "backgroundColor": "blue",
      },
    ]
  }
/>
`;
