// Jest Snapshot v1, https://goo.gl/fbAQLP

exports[`renders YearPicker 1`] = `
<View
  pointerEvents="auto"
  style={
    [
      {
        "bottom": 0,
        "left": 0,
        "position": "absolute",
        "right": 0,
        "top": 0,
      },
      {
        "flex": 1,
        "top": 56,
        "zIndex": 100,
      },
      {
        "backgroundColor": "rgba(255, 251, 254, 1)",
      },
      {
        "opacity": 1,
      },
    ]
  }
>
  <RCTScrollView
    data={
      [
        1800,
        1801,
        1802,
        1803,
        1804,
        1805,
        1806,
        1807,
        1808,
        1809,
        1810,
        1811,
        1812,
        1813,
        1814,
        1815,
        1816,
        1817,
        1818,
        1819,
        1820,
        1821,
        1822,
        1823,
        1824,
        1825,
        1826,
        1827,
        1828,
        1829,
        1830,
        1831,
        1832,
        1833,
        1834,
        1835,
        1836,
        1837,
        1838,
        1839,
        1840,
        1841,
        1842,
        1843,
        1844,
        1845,
        1846,
        1847,
        1848,
        1849,
        1850,
        1851,
        1852,
        1853,
        1854,
        1855,
        1856,
        1857,
        1858,
        1859,
        1860,
        1861,
        1862,
        1863,
        1864,
        1865,
        1866,
        1867,
        1868,
        1869,
        1870,
        1871,
        1872,
        1873,
        1874,
        1875,
        1876,
        1877,
        1878,
        1879,
        1880,
        1881,
        1882,
        1883,
        1884,
        1885,
        1886,
        1887,
        1888,
        1889,
        1890,
        1891,
        1892,
        1893,
        1894,
        1895,
        1896,
        1897,
        1898,
        1899,
        1900,
        1901,
        1902,
        1903,
        1904,
        1905,
        1906,
        1907,
        1908,
        1909,
        1910,
        1911,
        1912,
        1913,
        1914,
        1915,
        1916,
        1917,
        1918,
        1919,
        1920,
        1921,
        1922,
        1923,
        1924,
        1925,
        1926,
        1927,
        1928,
        1929,
        1930,
        1931,
        1932,
        1933,
        1934,
        1935,
        1936,
        1937,
        1938,
        1939,
        1940,
        1941,
        1942,
        1943,
        1944,
        1945,
        1946,
        1947,
        1948,
        1949,
        1950,
        1951,
        1952,
        1953,
        1954,
        1955,
        1956,
        1957,
        1958,
        1959,
        1960,
        1961,
        1962,
        1963,
        1964,
        1965,
        1966,
        1967,
        1968,
        1969,
        1970,
        1971,
        1972,
        1973,
        1974,
        1975,
        1976,
        1977,
        1978,
        1979,
        1980,
        1981,
        1982,
        1983,
        1984,
        1985,
        1986,
        1987,
        1988,
        1989,
        1990,
        1991,
        1992,
        1993,
        1994,
        1995,
        1996,
        1997,
        1998,
        1999,
        2000,
        2001,
        2002,
        2003,
        2004,
        2005,
        2006,
        2007,
        2008,
        2009,
        2010,
        2011,
        2012,
        2013,
        2014,
        2015,
        2016,
        2017,
        2018,
        2019,
        2020,
        2021,
        2022,
        2023,
        2024,
        2025,
        2026,
        2027,
        2028,
        2029,
        2030,
        2031,
        2032,
        2033,
        2034,
        2035,
        2036,
        2037,
        2038,
        2039,
        2040,
        2041,
        2042,
        2043,
        2044,
        2045,
        2046,
        2047,
        2048,
        2049,
        2050,
        2051,
        2052,
        2053,
        2054,
        2055,
        2056,
        2057,
        2058,
        2059,
        2060,
        2061,
        2062,
        2063,
        2064,
        2065,
        2066,
        2067,
        2068,
        2069,
        2070,
        2071,
        2072,
        2073,
        2074,
        2075,
        2076,
        2077,
        2078,
        2079,
        2080,
        2081,
        2082,
        2083,
        2084,
        2085,
        2086,
        2087,
        2088,
        2089,
        2090,
        2091,
        2092,
        2093,
        2094,
        2095,
        2096,
        2097,
        2098,
        2099,
        2100,
        2101,
        2102,
        2103,
        2104,
        2105,
        2106,
        2107,
        2108,
        2109,
        2110,
        2111,
        2112,
        2113,
        2114,
        2115,
        2116,
        2117,
        2118,
        2119,
        2120,
        2121,
        2122,
        2123,
        2124,
        2125,
        2126,
        2127,
        2128,
        2129,
        2130,
        2131,
        2132,
        2133,
        2134,
        2135,
        2136,
        2137,
        2138,
        2139,
        2140,
        2141,
        2142,
        2143,
        2144,
        2145,
        2146,
        2147,
        2148,
        2149,
        2150,
        2151,
        2152,
        2153,
        2154,
        2155,
        2156,
        2157,
        2158,
        2159,
        2160,
        2161,
        2162,
        2163,
        2164,
        2165,
        2166,
        2167,
        2168,
        2169,
        2170,
        2171,
        2172,
        2173,
        2174,
        2175,
        2176,
        2177,
        2178,
        2179,
        2180,
        2181,
        2182,
        2183,
        2184,
        2185,
        2186,
        2187,
        2188,
        2189,
        2190,
        2191,
        2192,
        2193,
        2194,
        2195,
        2196,
        2197,
        2198,
        2199,
        2200,
      ]
    }
    getItem={[Function]}
    getItemCount={[Function]}
    keyExtractor={[Function]}
    onContentSizeChange={[Function]}
    onLayout={[Function]}
    onMomentumScrollBegin={[Function]}
    onMomentumScrollEnd={[Function]}
    onScroll={[Function]}
    onScrollBeginDrag={[Function]}
    onScrollEndDrag={[Function]}
    removeClippedSubviews={false}
    renderItem={[Function]}
    renderScrollComponent={[Function]}
    scrollEventThrottle={50}
    stickyHeaderIndices={[]}
    style={
      {
        "flex": 1,
      }
    }
    viewabilityConfigCallbackPairs={[]}
  >
    <View>
      <View
        onLayout={[Function]}
        style={null}
      >
        <View
          style={
            {
              "flexDirection": "row",
            }
          }
        >
          <View
            style={
              {
                "flex": 1,
                "height": 62,
                "justifyContent": "center",
                "marginLeft": 16,
                "marginRight": 16,
              }
            }
          >
            <View
              accessibilityLabel="1800"
              accessibilityRole="button"
              accessibilityState={
                {
                  "disabled": false,
                }
              }
              accessible={true}
              collapsable={false}
              focusable={true}
              onBlur={[Function]}
              onClick={[Function]}
              onFocus={[Function]}
              onResponderGrant={[Function]}
              onResponderMove={[Function]}
              onResponderRelease={[Function]}
              onResponderTerminate={[Function]}
              onResponderTerminationRequest={[Function]}
              onStartShouldSetResponder={[Function]}
              style={
                [
                  false,
                  false,
                  {
                    "borderRadius": 23,
                    "overflow": "hidden",
                  },
                ]
              }
            >
              <View
                style={
                  [
                    {
                      "alignItems": "center",
                      "borderRadius": 23,
                      "height": 46,
                      "justifyContent": "center",
                    },
                    null,
                  ]
                }
              >
                <Text
                  selectable={false}
                  style={
                    [
                      {
                        "textAlign": "left",
                      },
                      {
                        "color": "rgba(28, 27, 31, 1)",
                        "fontFamily": "System",
                        "fontWeight": "400",
                        "letterSpacing": 0,
                      },
                      {
                        "writingDirection": "ltr",
                      },
                      [
                        {
                          "fontSize": 16,
                        },
                        {
                          "color": "rgba(73, 69, 79, 1)",
                        },
                        {
                          "fontFamily": "System",
                          "fontSize": 16,
                          "fontWeight": "400",
                          "letterSpacing": 0.15,
                          "lineHeight": 24,
                        },
                      ],
                    ]
                  }
                >
                  1800
                </Text>
              </View>
            </View>
          </View>
          <View
            style={
              {
                "flex": 1,
                "height": 62,
                "justifyContent": "center",
                "marginLeft": 16,
                "marginRight": 16,
              }
            }
          >
            <View
              accessibilityLabel="1801"
              accessibilityRole="button"
              accessibilityState={
                {
                  "disabled": false,
                }
              }
              accessible={true}
              collapsable={false}
              focusable={true}
              onBlur={[Function]}
              onClick={[Function]}
              onFocus={[Function]}
              onResponderGrant={[Function]}
              onResponderMove={[Function]}
              onResponderRelease={[Function]}
              onResponderTerminate={[Function]}
              onResponderTerminationRequest={[Function]}
              onStartShouldSetResponder={[Function]}
              style={
                [
                  false,
                  false,
                  {
                    "borderRadius": 23,
                    "overflow": "hidden",
                  },
                ]
              }
            >
              <View
                style={
                  [
                    {
                      "alignItems": "center",
                      "borderRadius": 23,
                      "height": 46,
                      "justifyContent": "center",
                    },
                    null,
                  ]
                }
              >
                <Text
                  selectable={false}
                  style={
                    [
                      {
                        "textAlign": "left",
                      },
                      {
                        "color": "rgba(28, 27, 31, 1)",
                        "fontFamily": "System",
                        "fontWeight": "400",
                        "letterSpacing": 0,
                      },
                      {
                        "writingDirection": "ltr",
                      },
                      [
                        {
                          "fontSize": 16,
                        },
                        {
                          "color": "rgba(73, 69, 79, 1)",
                        },
                        {
                          "fontFamily": "System",
                          "fontSize": 16,
                          "fontWeight": "400",
                          "letterSpacing": 0.15,
                          "lineHeight": 24,
                        },
                      ],
                    ]
                  }
                >
                  1801
                </Text>
              </View>
            </View>
          </View>
          <View
            style={
              {
                "flex": 1,
                "height": 62,
                "justifyContent": "center",
                "marginLeft": 16,
                "marginRight": 16,
              }
            }
          >
            <View
              accessibilityLabel="1802"
              accessibilityRole="button"
              accessibilityState={
                {
                  "disabled": false,
                }
              }
              accessible={true}
              collapsable={false}
              focusable={true}
              onBlur={[Function]}
              onClick={[Function]}
              onFocus={[Function]}
              onResponderGrant={[Function]}
              onResponderMove={[Function]}
              onResponderRelease={[Function]}
              onResponderTerminate={[Function]}
              onResponderTerminationRequest={[Function]}
              onStartShouldSetResponder={[Function]}
              style={
                [
                  false,
                  false,
                  {
                    "borderRadius": 23,
                    "overflow": "hidden",
                  },
                ]
              }
            >
              <View
                style={
                  [
                    {
                      "alignItems": "center",
                      "borderRadius": 23,
                      "height": 46,
                      "justifyContent": "center",
                    },
                    null,
                  ]
                }
              >
                <Text
                  selectable={false}
                  style={
                    [
                      {
                        "textAlign": "left",
                      },
                      {
                        "color": "rgba(28, 27, 31, 1)",
                        "fontFamily": "System",
                        "fontWeight": "400",
                        "letterSpacing": 0,
                      },
                      {
                        "writingDirection": "ltr",
                      },
                      [
                        {
                          "fontSize": 16,
                        },
                        {
                          "color": "rgba(73, 69, 79, 1)",
                        },
                        {
                          "fontFamily": "System",
                          "fontSize": 16,
                          "fontWeight": "400",
                          "letterSpacing": 0.15,
                          "lineHeight": 24,
                        },
                      ],
                    ]
                  }
                >
                  1802
                </Text>
              </View>
            </View>
          </View>
        </View>
      </View>
      <View
        onLayout={[Function]}
        style={null}
      >
        <View
          style={
            {
              "flexDirection": "row",
            }
          }
        >
          <View
            style={
              {
                "flex": 1,
                "height": 62,
                "justifyContent": "center",
                "marginLeft": 16,
                "marginRight": 16,
              }
            }
          >
            <View
              accessibilityLabel="1803"
              accessibilityRole="button"
              accessibilityState={
                {
                  "disabled": false,
                }
              }
              accessible={true}
              collapsable={false}
              focusable={true}
              onBlur={[Function]}
              onClick={[Function]}
              onFocus={[Function]}
              onResponderGrant={[Function]}
              onResponderMove={[Function]}
              onResponderRelease={[Function]}
              onResponderTerminate={[Function]}
              onResponderTerminationRequest={[Function]}
              onStartShouldSetResponder={[Function]}
              style={
                [
                  false,
                  false,
                  {
                    "borderRadius": 23,
                    "overflow": "hidden",
                  },
                ]
              }
            >
              <View
                style={
                  [
                    {
                      "alignItems": "center",
                      "borderRadius": 23,
                      "height": 46,
                      "justifyContent": "center",
                    },
                    null,
                  ]
                }
              >
                <Text
                  selectable={false}
                  style={
                    [
                      {
                        "textAlign": "left",
                      },
                      {
                        "color": "rgba(28, 27, 31, 1)",
                        "fontFamily": "System",
                        "fontWeight": "400",
                        "letterSpacing": 0,
                      },
                      {
                        "writingDirection": "ltr",
                      },
                      [
                        {
                          "fontSize": 16,
                        },
                        {
                          "color": "rgba(73, 69, 79, 1)",
                        },
                        {
                          "fontFamily": "System",
                          "fontSize": 16,
                          "fontWeight": "400",
                          "letterSpacing": 0.15,
                          "lineHeight": 24,
                        },
                      ],
                    ]
                  }
                >
                  1803
                </Text>
              </View>
            </View>
          </View>
          <View
            style={
              {
                "flex": 1,
                "height": 62,
                "justifyContent": "center",
                "marginLeft": 16,
                "marginRight": 16,
              }
            }
          >
            <View
              accessibilityLabel="1804"
              accessibilityRole="button"
              accessibilityState={
                {
                  "disabled": false,
                }
              }
              accessible={true}
              collapsable={false}
              focusable={true}
              onBlur={[Function]}
              onClick={[Function]}
              onFocus={[Function]}
              onResponderGrant={[Function]}
              onResponderMove={[Function]}
              onResponderRelease={[Function]}
              onResponderTerminate={[Function]}
              onResponderTerminationRequest={[Function]}
              onStartShouldSetResponder={[Function]}
              style={
                [
                  false,
                  false,
                  {
                    "borderRadius": 23,
                    "overflow": "hidden",
                  },
                ]
              }
            >
              <View
                style={
                  [
                    {
                      "alignItems": "center",
                      "borderRadius": 23,
                      "height": 46,
                      "justifyContent": "center",
                    },
                    null,
                  ]
                }
              >
                <Text
                  selectable={false}
                  style={
                    [
                      {
                        "textAlign": "left",
                      },
                      {
                        "color": "rgba(28, 27, 31, 1)",
                        "fontFamily": "System",
                        "fontWeight": "400",
                        "letterSpacing": 0,
                      },
                      {
                        "writingDirection": "ltr",
                      },
                      [
                        {
                          "fontSize": 16,
                        },
                        {
                          "color": "rgba(73, 69, 79, 1)",
                        },
                        {
                          "fontFamily": "System",
                          "fontSize": 16,
                          "fontWeight": "400",
                          "letterSpacing": 0.15,
                          "lineHeight": 24,
                        },
                      ],
                    ]
                  }
                >
                  1804
                </Text>
              </View>
            </View>
          </View>
          <View
            style={
              {
                "flex": 1,
                "height": 62,
                "justifyContent": "center",
                "marginLeft": 16,
                "marginRight": 16,
              }
            }
          >
            <View
              accessibilityLabel="1805"
              accessibilityRole="button"
              accessibilityState={
                {
                  "disabled": false,
                }
              }
              accessible={true}
              collapsable={false}
              focusable={true}
              onBlur={[Function]}
              onClick={[Function]}
              onFocus={[Function]}
              onResponderGrant={[Function]}
              onResponderMove={[Function]}
              onResponderRelease={[Function]}
              onResponderTerminate={[Function]}
              onResponderTerminationRequest={[Function]}
              onStartShouldSetResponder={[Function]}
              style={
                [
                  false,
                  false,
                  {
                    "borderRadius": 23,
                    "overflow": "hidden",
                  },
                ]
              }
            >
              <View
                style={
                  [
                    {
                      "alignItems": "center",
                      "borderRadius": 23,
                      "height": 46,
                      "justifyContent": "center",
                    },
                    null,
                  ]
                }
              >
                <Text
                  selectable={false}
                  style={
                    [
                      {
                        "textAlign": "left",
                      },
                      {
                        "color": "rgba(28, 27, 31, 1)",
                        "fontFamily": "System",
                        "fontWeight": "400",
                        "letterSpacing": 0,
                      },
                      {
                        "writingDirection": "ltr",
                      },
                      [
                        {
                          "fontSize": 16,
                        },
                        {
                          "color": "rgba(73, 69, 79, 1)",
                        },
                        {
                          "fontFamily": "System",
                          "fontSize": 16,
                          "fontWeight": "400",
                          "letterSpacing": 0.15,
                          "lineHeight": 24,
                        },
                      ],
                    ]
                  }
                >
                  1805
                </Text>
              </View>
            </View>
          </View>
        </View>
      </View>
      <View
        onLayout={[Function]}
        style={null}
      >
        <View
          style={
            {
              "flexDirection": "row",
            }
          }
        >
          <View
            style={
              {
                "flex": 1,
                "height": 62,
                "justifyContent": "center",
                "marginLeft": 16,
                "marginRight": 16,
              }
            }
          >
            <View
              accessibilityLabel="1806"
              accessibilityRole="button"
              accessibilityState={
                {
                  "disabled": false,
                }
              }
              accessible={true}
              collapsable={false}
              focusable={true}
              onBlur={[Function]}
              onClick={[Function]}
              onFocus={[Function]}
              onResponderGrant={[Function]}
              onResponderMove={[Function]}
              onResponderRelease={[Function]}
              onResponderTerminate={[Function]}
              onResponderTerminationRequest={[Function]}
              onStartShouldSetResponder={[Function]}
              style={
                [
                  false,
                  false,
                  {
                    "borderRadius": 23,
                    "overflow": "hidden",
                  },
                ]
              }
            >
              <View
                style={
                  [
                    {
                      "alignItems": "center",
                      "borderRadius": 23,
                      "height": 46,
                      "justifyContent": "center",
                    },
                    null,
                  ]
                }
              >
                <Text
                  selectable={false}
                  style={
                    [
                      {
                        "textAlign": "left",
                      },
                      {
                        "color": "rgba(28, 27, 31, 1)",
                        "fontFamily": "System",
                        "fontWeight": "400",
                        "letterSpacing": 0,
                      },
                      {
                        "writingDirection": "ltr",
                      },
                      [
                        {
                          "fontSize": 16,
                        },
                        {
                          "color": "rgba(73, 69, 79, 1)",
                        },
                        {
                          "fontFamily": "System",
                          "fontSize": 16,
                          "fontWeight": "400",
                          "letterSpacing": 0.15,
                          "lineHeight": 24,
                        },
                      ],
                    ]
                  }
                >
                  1806
                </Text>
              </View>
            </View>
          </View>
          <View
            style={
              {
                "flex": 1,
                "height": 62,
                "justifyContent": "center",
                "marginLeft": 16,
                "marginRight": 16,
              }
            }
          >
            <View
              accessibilityLabel="1807"
              accessibilityRole="button"
              accessibilityState={
                {
                  "disabled": false,
                }
              }
              accessible={true}
              collapsable={false}
              focusable={true}
              onBlur={[Function]}
              onClick={[Function]}
              onFocus={[Function]}
              onResponderGrant={[Function]}
              onResponderMove={[Function]}
              onResponderRelease={[Function]}
              onResponderTerminate={[Function]}
              onResponderTerminationRequest={[Function]}
              onStartShouldSetResponder={[Function]}
              style={
                [
                  false,
                  false,
                  {
                    "borderRadius": 23,
                    "overflow": "hidden",
                  },
                ]
              }
            >
              <View
                style={
                  [
                    {
                      "alignItems": "center",
                      "borderRadius": 23,
                      "height": 46,
                      "justifyContent": "center",
                    },
                    null,
                  ]
                }
              >
                <Text
                  selectable={false}
                  style={
                    [
                      {
                        "textAlign": "left",
                      },
                      {
                        "color": "rgba(28, 27, 31, 1)",
                        "fontFamily": "System",
                        "fontWeight": "400",
                        "letterSpacing": 0,
                      },
                      {
                        "writingDirection": "ltr",
                      },
                      [
                        {
                          "fontSize": 16,
                        },
                        {
                          "color": "rgba(73, 69, 79, 1)",
                        },
                        {
                          "fontFamily": "System",
                          "fontSize": 16,
                          "fontWeight": "400",
                          "letterSpacing": 0.15,
                          "lineHeight": 24,
                        },
                      ],
                    ]
                  }
                >
                  1807
                </Text>
              </View>
            </View>
          </View>
          <View
            style={
              {
                "flex": 1,
                "height": 62,
                "justifyContent": "center",
                "marginLeft": 16,
                "marginRight": 16,
              }
            }
          >
            <View
              accessibilityLabel="1808"
              accessibilityRole="button"
              accessibilityState={
                {
                  "disabled": false,
                }
              }
              accessible={true}
              collapsable={false}
              focusable={true}
              onBlur={[Function]}
              onClick={[Function]}
              onFocus={[Function]}
              onResponderGrant={[Function]}
              onResponderMove={[Function]}
              onResponderRelease={[Function]}
              onResponderTerminate={[Function]}
              onResponderTerminationRequest={[Function]}
              onStartShouldSetResponder={[Function]}
              style={
                [
                  false,
                  false,
                  {
                    "borderRadius": 23,
                    "overflow": "hidden",
                  },
                ]
              }
            >
              <View
                style={
                  [
                    {
                      "alignItems": "center",
                      "borderRadius": 23,
                      "height": 46,
                      "justifyContent": "center",
                    },
                    null,
                  ]
                }
              >
                <Text
                  selectable={false}
                  style={
                    [
                      {
                        "textAlign": "left",
                      },
                      {
                        "color": "rgba(28, 27, 31, 1)",
                        "fontFamily": "System",
                        "fontWeight": "400",
                        "letterSpacing": 0,
                      },
                      {
                        "writingDirection": "ltr",
                      },
                      [
                        {
                          "fontSize": 16,
                        },
                        {
                          "color": "rgba(73, 69, 79, 1)",
                        },
                        {
                          "fontFamily": "System",
                          "fontSize": 16,
                          "fontWeight": "400",
                          "letterSpacing": 0.15,
                          "lineHeight": 24,
                        },
                      ],
                    ]
                  }
                >
                  1808
                </Text>
              </View>
            </View>
          </View>
        </View>
      </View>
      <View
        onLayout={[Function]}
        style={null}
      >
        <View
          style={
            {
              "flexDirection": "row",
            }
          }
        >
          <View
            style={
              {
                "flex": 1,
                "height": 62,
                "justifyContent": "center",
                "marginLeft": 16,
                "marginRight": 16,
              }
            }
          >
            <View
              accessibilityLabel="1809"
              accessibilityRole="button"
              accessibilityState={
                {
                  "disabled": false,
                }
              }
              accessible={true}
              collapsable={false}
              focusable={true}
              onBlur={[Function]}
              onClick={[Function]}
              onFocus={[Function]}
              onResponderGrant={[Function]}
              onResponderMove={[Function]}
              onResponderRelease={[Function]}
              onResponderTerminate={[Function]}
              onResponderTerminationRequest={[Function]}
              onStartShouldSetResponder={[Function]}
              style={
                [
                  false,
                  false,
                  {
                    "borderRadius": 23,
                    "overflow": "hidden",
                  },
                ]
              }
            >
              <View
                style={
                  [
                    {
                      "alignItems": "center",
                      "borderRadius": 23,
                      "height": 46,
                      "justifyContent": "center",
                    },
                    null,
                  ]
                }
              >
                <Text
                  selectable={false}
                  style={
                    [
                      {
                        "textAlign": "left",
                      },
                      {
                        "color": "rgba(28, 27, 31, 1)",
                        "fontFamily": "System",
                        "fontWeight": "400",
                        "letterSpacing": 0,
                      },
                      {
                        "writingDirection": "ltr",
                      },
                      [
                        {
                          "fontSize": 16,
                        },
                        {
                          "color": "rgba(73, 69, 79, 1)",
                        },
                        {
                          "fontFamily": "System",
                          "fontSize": 16,
                          "fontWeight": "400",
                          "letterSpacing": 0.15,
                          "lineHeight": 24,
                        },
                      ],
                    ]
                  }
                >
                  1809
                </Text>
              </View>
            </View>
          </View>
          <View
            style={
              {
                "flex": 1,
                "height": 62,
                "justifyContent": "center",
                "marginLeft": 16,
                "marginRight": 16,
              }
            }
          >
            <View
              accessibilityLabel="1810"
              accessibilityRole="button"
              accessibilityState={
                {
                  "disabled": false,
                }
              }
              accessible={true}
              collapsable={false}
              focusable={true}
              onBlur={[Function]}
              onClick={[Function]}
              onFocus={[Function]}
              onResponderGrant={[Function]}
              onResponderMove={[Function]}
              onResponderRelease={[Function]}
              onResponderTerminate={[Function]}
              onResponderTerminationRequest={[Function]}
              onStartShouldSetResponder={[Function]}
              style={
                [
                  false,
                  false,
                  {
                    "borderRadius": 23,
                    "overflow": "hidden",
                  },
                ]
              }
            >
              <View
                style={
                  [
                    {
                      "alignItems": "center",
                      "borderRadius": 23,
                      "height": 46,
                      "justifyContent": "center",
                    },
                    null,
                  ]
                }
              >
                <Text
                  selectable={false}
                  style={
                    [
                      {
                        "textAlign": "left",
                      },
                      {
                        "color": "rgba(28, 27, 31, 1)",
                        "fontFamily": "System",
                        "fontWeight": "400",
                        "letterSpacing": 0,
                      },
                      {
                        "writingDirection": "ltr",
                      },
                      [
                        {
                          "fontSize": 16,
                        },
                        {
                          "color": "rgba(73, 69, 79, 1)",
                        },
                        {
                          "fontFamily": "System",
                          "fontSize": 16,
                          "fontWeight": "400",
                          "letterSpacing": 0.15,
                          "lineHeight": 24,
                        },
                      ],
                    ]
                  }
                >
                  1810
                </Text>
              </View>
            </View>
          </View>
          <View
            style={
              {
                "flex": 1,
                "height": 62,
                "justifyContent": "center",
                "marginLeft": 16,
                "marginRight": 16,
              }
            }
          >
            <View
              accessibilityLabel="1811"
              accessibilityRole="button"
              accessibilityState={
                {
                  "disabled": false,
                }
              }
              accessible={true}
              collapsable={false}
              focusable={true}
              onBlur={[Function]}
              onClick={[Function]}
              onFocus={[Function]}
              onResponderGrant={[Function]}
              onResponderMove={[Function]}
              onResponderRelease={[Function]}
              onResponderTerminate={[Function]}
              onResponderTerminationRequest={[Function]}
              onStartShouldSetResponder={[Function]}
              style={
                [
                  false,
                  false,
                  {
                    "borderRadius": 23,
                    "overflow": "hidden",
                  },
                ]
              }
            >
              <View
                style={
                  [
                    {
                      "alignItems": "center",
                      "borderRadius": 23,
                      "height": 46,
                      "justifyContent": "center",
                    },
                    null,
                  ]
                }
              >
                <Text
                  selectable={false}
                  style={
                    [
                      {
                        "textAlign": "left",
                      },
                      {
                        "color": "rgba(28, 27, 31, 1)",
                        "fontFamily": "System",
                        "fontWeight": "400",
                        "letterSpacing": 0,
                      },
                      {
                        "writingDirection": "ltr",
                      },
                      [
                        {
                          "fontSize": 16,
                        },
                        {
                          "color": "rgba(73, 69, 79, 1)",
                        },
                        {
                          "fontFamily": "System",
                          "fontSize": 16,
                          "fontWeight": "400",
                          "letterSpacing": 0.15,
                          "lineHeight": 24,
                        },
                      ],
                    ]
                  }
                >
                  1811
                </Text>
              </View>
            </View>
          </View>
        </View>
      </View>
      <View
        onLayout={[Function]}
        style={null}
      >
        <View
          style={
            {
              "flexDirection": "row",
            }
          }
        >
          <View
            style={
              {
                "flex": 1,
                "height": 62,
                "justifyContent": "center",
                "marginLeft": 16,
                "marginRight": 16,
              }
            }
          >
            <View
              accessibilityLabel="1812"
              accessibilityRole="button"
              accessibilityState={
                {
                  "disabled": false,
                }
              }
              accessible={true}
              collapsable={false}
              focusable={true}
              onBlur={[Function]}
              onClick={[Function]}
              onFocus={[Function]}
              onResponderGrant={[Function]}
              onResponderMove={[Function]}
              onResponderRelease={[Function]}
              onResponderTerminate={[Function]}
              onResponderTerminationRequest={[Function]}
              onStartShouldSetResponder={[Function]}
              style={
                [
                  false,
                  false,
                  {
                    "borderRadius": 23,
                    "overflow": "hidden",
                  },
                ]
              }
            >
              <View
                style={
                  [
                    {
                      "alignItems": "center",
                      "borderRadius": 23,
                      "height": 46,
                      "justifyContent": "center",
                    },
                    null,
                  ]
                }
              >
                <Text
                  selectable={false}
                  style={
                    [
                      {
                        "textAlign": "left",
                      },
                      {
                        "color": "rgba(28, 27, 31, 1)",
                        "fontFamily": "System",
                        "fontWeight": "400",
                        "letterSpacing": 0,
                      },
                      {
                        "writingDirection": "ltr",
                      },
                      [
                        {
                          "fontSize": 16,
                        },
                        {
                          "color": "rgba(73, 69, 79, 1)",
                        },
                        {
                          "fontFamily": "System",
                          "fontSize": 16,
                          "fontWeight": "400",
                          "letterSpacing": 0.15,
                          "lineHeight": 24,
                        },
                      ],
                    ]
                  }
                >
                  1812
                </Text>
              </View>
            </View>
          </View>
          <View
            style={
              {
                "flex": 1,
                "height": 62,
                "justifyContent": "center",
                "marginLeft": 16,
                "marginRight": 16,
              }
            }
          >
            <View
              accessibilityLabel="1813"
              accessibilityRole="button"
              accessibilityState={
                {
                  "disabled": false,
                }
              }
              accessible={true}
              collapsable={false}
              focusable={true}
              onBlur={[Function]}
              onClick={[Function]}
              onFocus={[Function]}
              onResponderGrant={[Function]}
              onResponderMove={[Function]}
              onResponderRelease={[Function]}
              onResponderTerminate={[Function]}
              onResponderTerminationRequest={[Function]}
              onStartShouldSetResponder={[Function]}
              style={
                [
                  false,
                  false,
                  {
                    "borderRadius": 23,
                    "overflow": "hidden",
                  },
                ]
              }
            >
              <View
                style={
                  [
                    {
                      "alignItems": "center",
                      "borderRadius": 23,
                      "height": 46,
                      "justifyContent": "center",
                    },
                    null,
                  ]
                }
              >
                <Text
                  selectable={false}
                  style={
                    [
                      {
                        "textAlign": "left",
                      },
                      {
                        "color": "rgba(28, 27, 31, 1)",
                        "fontFamily": "System",
                        "fontWeight": "400",
                        "letterSpacing": 0,
                      },
                      {
                        "writingDirection": "ltr",
                      },
                      [
                        {
                          "fontSize": 16,
                        },
                        {
                          "color": "rgba(73, 69, 79, 1)",
                        },
                        {
                          "fontFamily": "System",
                          "fontSize": 16,
                          "fontWeight": "400",
                          "letterSpacing": 0.15,
                          "lineHeight": 24,
                        },
                      ],
                    ]
                  }
                >
                  1813
                </Text>
              </View>
            </View>
          </View>
          <View
            style={
              {
                "flex": 1,
                "height": 62,
                "justifyContent": "center",
                "marginLeft": 16,
                "marginRight": 16,
              }
            }
          >
            <View
              accessibilityLabel="1814"
              accessibilityRole="button"
              accessibilityState={
                {
                  "disabled": false,
                }
              }
              accessible={true}
              collapsable={false}
              focusable={true}
              onBlur={[Function]}
              onClick={[Function]}
              onFocus={[Function]}
              onResponderGrant={[Function]}
              onResponderMove={[Function]}
              onResponderRelease={[Function]}
              onResponderTerminate={[Function]}
              onResponderTerminationRequest={[Function]}
              onStartShouldSetResponder={[Function]}
              style={
                [
                  false,
                  false,
                  {
                    "borderRadius": 23,
                    "overflow": "hidden",
                  },
                ]
              }
            >
              <View
                style={
                  [
                    {
                      "alignItems": "center",
                      "borderRadius": 23,
                      "height": 46,
                      "justifyContent": "center",
                    },
                    null,
                  ]
                }
              >
                <Text
                  selectable={false}
                  style={
                    [
                      {
                        "textAlign": "left",
                      },
                      {
                        "color": "rgba(28, 27, 31, 1)",
                        "fontFamily": "System",
                        "fontWeight": "400",
                        "letterSpacing": 0,
                      },
                      {
                        "writingDirection": "ltr",
                      },
                      [
                        {
                          "fontSize": 16,
                        },
                        {
                          "color": "rgba(73, 69, 79, 1)",
                        },
                        {
                          "fontFamily": "System",
                          "fontSize": 16,
                          "fontWeight": "400",
                          "letterSpacing": 0.15,
                          "lineHeight": 24,
                        },
                      ],
                    ]
                  }
                >
                  1814
                </Text>
              </View>
            </View>
          </View>
        </View>
      </View>
      <View
        onLayout={[Function]}
        style={null}
      >
        <View
          style={
            {
              "flexDirection": "row",
            }
          }
        >
          <View
            style={
              {
                "flex": 1,
                "height": 62,
                "justifyContent": "center",
                "marginLeft": 16,
                "marginRight": 16,
              }
            }
          >
            <View
              accessibilityLabel="1815"
              accessibilityRole="button"
              accessibilityState={
                {
                  "disabled": false,
                }
              }
              accessible={true}
              collapsable={false}
              focusable={true}
              onBlur={[Function]}
              onClick={[Function]}
              onFocus={[Function]}
              onResponderGrant={[Function]}
              onResponderMove={[Function]}
              onResponderRelease={[Function]}
              onResponderTerminate={[Function]}
              onResponderTerminationRequest={[Function]}
              onStartShouldSetResponder={[Function]}
              style={
                [
                  false,
                  false,
                  {
                    "borderRadius": 23,
                    "overflow": "hidden",
                  },
                ]
              }
            >
              <View
                style={
                  [
                    {
                      "alignItems": "center",
                      "borderRadius": 23,
                      "height": 46,
                      "justifyContent": "center",
                    },
                    null,
                  ]
                }
              >
                <Text
                  selectable={false}
                  style={
                    [
                      {
                        "textAlign": "left",
                      },
                      {
                        "color": "rgba(28, 27, 31, 1)",
                        "fontFamily": "System",
                        "fontWeight": "400",
                        "letterSpacing": 0,
                      },
                      {
                        "writingDirection": "ltr",
                      },
                      [
                        {
                          "fontSize": 16,
                        },
                        {
                          "color": "rgba(73, 69, 79, 1)",
                        },
                        {
                          "fontFamily": "System",
                          "fontSize": 16,
                          "fontWeight": "400",
                          "letterSpacing": 0.15,
                          "lineHeight": 24,
                        },
                      ],
                    ]
                  }
                >
                  1815
                </Text>
              </View>
            </View>
          </View>
          <View
            style={
              {
                "flex": 1,
                "height": 62,
                "justifyContent": "center",
                "marginLeft": 16,
                "marginRight": 16,
              }
            }
          >
            <View
              accessibilityLabel="1816"
              accessibilityRole="button"
              accessibilityState={
                {
                  "disabled": false,
                }
              }
              accessible={true}
              collapsable={false}
              focusable={true}
              onBlur={[Function]}
              onClick={[Function]}
              onFocus={[Function]}
              onResponderGrant={[Function]}
              onResponderMove={[Function]}
              onResponderRelease={[Function]}
              onResponderTerminate={[Function]}
              onResponderTerminationRequest={[Function]}
              onStartShouldSetResponder={[Function]}
              style={
                [
                  false,
                  false,
                  {
                    "borderRadius": 23,
                    "overflow": "hidden",
                  },
                ]
              }
            >
              <View
                style={
                  [
                    {
                      "alignItems": "center",
                      "borderRadius": 23,
                      "height": 46,
                      "justifyContent": "center",
                    },
                    null,
                  ]
                }
              >
                <Text
                  selectable={false}
                  style={
                    [
                      {
                        "textAlign": "left",
                      },
                      {
                        "color": "rgba(28, 27, 31, 1)",
                        "fontFamily": "System",
                        "fontWeight": "400",
                        "letterSpacing": 0,
                      },
                      {
                        "writingDirection": "ltr",
                      },
                      [
                        {
                          "fontSize": 16,
                        },
                        {
                          "color": "rgba(73, 69, 79, 1)",
                        },
                        {
                          "fontFamily": "System",
                          "fontSize": 16,
                          "fontWeight": "400",
                          "letterSpacing": 0.15,
                          "lineHeight": 24,
                        },
                      ],
                    ]
                  }
                >
                  1816
                </Text>
              </View>
            </View>
          </View>
          <View
            style={
              {
                "flex": 1,
                "height": 62,
                "justifyContent": "center",
                "marginLeft": 16,
                "marginRight": 16,
              }
            }
          >
            <View
              accessibilityLabel="1817"
              accessibilityRole="button"
              accessibilityState={
                {
                  "disabled": false,
                }
              }
              accessible={true}
              collapsable={false}
              focusable={true}
              onBlur={[Function]}
              onClick={[Function]}
              onFocus={[Function]}
              onResponderGrant={[Function]}
              onResponderMove={[Function]}
              onResponderRelease={[Function]}
              onResponderTerminate={[Function]}
              onResponderTerminationRequest={[Function]}
              onStartShouldSetResponder={[Function]}
              style={
                [
                  false,
                  false,
                  {
                    "borderRadius": 23,
                    "overflow": "hidden",
                  },
                ]
              }
            >
              <View
                style={
                  [
                    {
                      "alignItems": "center",
                      "borderRadius": 23,
                      "height": 46,
                      "justifyContent": "center",
                    },
                    null,
                  ]
                }
              >
                <Text
                  selectable={false}
                  style={
                    [
                      {
                        "textAlign": "left",
                      },
                      {
                        "color": "rgba(28, 27, 31, 1)",
                        "fontFamily": "System",
                        "fontWeight": "400",
                        "letterSpacing": 0,
                      },
                      {
                        "writingDirection": "ltr",
                      },
                      [
                        {
                          "fontSize": 16,
                        },
                        {
                          "color": "rgba(73, 69, 79, 1)",
                        },
                        {
                          "fontFamily": "System",
                          "fontSize": 16,
                          "fontWeight": "400",
                          "letterSpacing": 0.15,
                          "lineHeight": 24,
                        },
                      ],
                    ]
                  }
                >
                  1817
                </Text>
              </View>
            </View>
          </View>
        </View>
      </View>
      <View
        onLayout={[Function]}
        style={null}
      >
        <View
          style={
            {
              "flexDirection": "row",
            }
          }
        >
          <View
            style={
              {
                "flex": 1,
                "height": 62,
                "justifyContent": "center",
                "marginLeft": 16,
                "marginRight": 16,
              }
            }
          >
            <View
              accessibilityLabel="1818"
              accessibilityRole="button"
              accessibilityState={
                {
                  "disabled": false,
                }
              }
              accessible={true}
              collapsable={false}
              focusable={true}
              onBlur={[Function]}
              onClick={[Function]}
              onFocus={[Function]}
              onResponderGrant={[Function]}
              onResponderMove={[Function]}
              onResponderRelease={[Function]}
              onResponderTerminate={[Function]}
              onResponderTerminationRequest={[Function]}
              onStartShouldSetResponder={[Function]}
              style={
                [
                  false,
                  false,
                  {
                    "borderRadius": 23,
                    "overflow": "hidden",
                  },
                ]
              }
            >
              <View
                style={
                  [
                    {
                      "alignItems": "center",
                      "borderRadius": 23,
                      "height": 46,
                      "justifyContent": "center",
                    },
                    null,
                  ]
                }
              >
                <Text
                  selectable={false}
                  style={
                    [
                      {
                        "textAlign": "left",
                      },
                      {
                        "color": "rgba(28, 27, 31, 1)",
                        "fontFamily": "System",
                        "fontWeight": "400",
                        "letterSpacing": 0,
                      },
                      {
                        "writingDirection": "ltr",
                      },
                      [
                        {
                          "fontSize": 16,
                        },
                        {
                          "color": "rgba(73, 69, 79, 1)",
                        },
                        {
                          "fontFamily": "System",
                          "fontSize": 16,
                          "fontWeight": "400",
                          "letterSpacing": 0.15,
                          "lineHeight": 24,
                        },
                      ],
                    ]
                  }
                >
                  1818
                </Text>
              </View>
            </View>
          </View>
          <View
            style={
              {
                "flex": 1,
                "height": 62,
                "justifyContent": "center",
                "marginLeft": 16,
                "marginRight": 16,
              }
            }
          >
            <View
              accessibilityLabel="1819"
              accessibilityRole="button"
              accessibilityState={
                {
                  "disabled": false,
                }
              }
              accessible={true}
              collapsable={false}
              focusable={true}
              onBlur={[Function]}
              onClick={[Function]}
              onFocus={[Function]}
              onResponderGrant={[Function]}
              onResponderMove={[Function]}
              onResponderRelease={[Function]}
              onResponderTerminate={[Function]}
              onResponderTerminationRequest={[Function]}
              onStartShouldSetResponder={[Function]}
              style={
                [
                  false,
                  false,
                  {
                    "borderRadius": 23,
                    "overflow": "hidden",
                  },
                ]
              }
            >
              <View
                style={
                  [
                    {
                      "alignItems": "center",
                      "borderRadius": 23,
                      "height": 46,
                      "justifyContent": "center",
                    },
                    null,
                  ]
                }
              >
                <Text
                  selectable={false}
                  style={
                    [
                      {
                        "textAlign": "left",
                      },
                      {
                        "color": "rgba(28, 27, 31, 1)",
                        "fontFamily": "System",
                        "fontWeight": "400",
                        "letterSpacing": 0,
                      },
                      {
                        "writingDirection": "ltr",
                      },
                      [
                        {
                          "fontSize": 16,
                        },
                        {
                          "color": "rgba(73, 69, 79, 1)",
                        },
                        {
                          "fontFamily": "System",
                          "fontSize": 16,
                          "fontWeight": "400",
                          "letterSpacing": 0.15,
                          "lineHeight": 24,
                        },
                      ],
                    ]
                  }
                >
                  1819
                </Text>
              </View>
            </View>
          </View>
          <View
            style={
              {
                "flex": 1,
                "height": 62,
                "justifyContent": "center",
                "marginLeft": 16,
                "marginRight": 16,
              }
            }
          >
            <View
              accessibilityLabel="1820"
              accessibilityRole="button"
              accessibilityState={
                {
                  "disabled": false,
                }
              }
              accessible={true}
              collapsable={false}
              focusable={true}
              onBlur={[Function]}
              onClick={[Function]}
              onFocus={[Function]}
              onResponderGrant={[Function]}
              onResponderMove={[Function]}
              onResponderRelease={[Function]}
              onResponderTerminate={[Function]}
              onResponderTerminationRequest={[Function]}
              onStartShouldSetResponder={[Function]}
              style={
                [
                  false,
                  false,
                  {
                    "borderRadius": 23,
                    "overflow": "hidden",
                  },
                ]
              }
            >
              <View
                style={
                  [
                    {
                      "alignItems": "center",
                      "borderRadius": 23,
                      "height": 46,
                      "justifyContent": "center",
                    },
                    null,
                  ]
                }
              >
                <Text
                  selectable={false}
                  style={
                    [
                      {
                        "textAlign": "left",
                      },
                      {
                        "color": "rgba(28, 27, 31, 1)",
                        "fontFamily": "System",
                        "fontWeight": "400",
                        "letterSpacing": 0,
                      },
                      {
                        "writingDirection": "ltr",
                      },
                      [
                        {
                          "fontSize": 16,
                        },
                        {
                          "color": "rgba(73, 69, 79, 1)",
                        },
                        {
                          "fontFamily": "System",
                          "fontSize": 16,
                          "fontWeight": "400",
                          "letterSpacing": 0.15,
                          "lineHeight": 24,
                        },
                      ],
                    ]
                  }
                >
                  1820
                </Text>
              </View>
            </View>
          </View>
        </View>
      </View>
      <View
        onLayout={[Function]}
        style={null}
      >
        <View
          style={
            {
              "flexDirection": "row",
            }
          }
        >
          <View
            style={
              {
                "flex": 1,
                "height": 62,
                "justifyContent": "center",
                "marginLeft": 16,
                "marginRight": 16,
              }
            }
          >
            <View
              accessibilityLabel="1821"
              accessibilityRole="button"
              accessibilityState={
                {
                  "disabled": false,
                }
              }
              accessible={true}
              collapsable={false}
              focusable={true}
              onBlur={[Function]}
              onClick={[Function]}
              onFocus={[Function]}
              onResponderGrant={[Function]}
              onResponderMove={[Function]}
              onResponderRelease={[Function]}
              onResponderTerminate={[Function]}
              onResponderTerminationRequest={[Function]}
              onStartShouldSetResponder={[Function]}
              style={
                [
                  false,
                  false,
                  {
                    "borderRadius": 23,
                    "overflow": "hidden",
                  },
                ]
              }
            >
              <View
                style={
                  [
                    {
                      "alignItems": "center",
                      "borderRadius": 23,
                      "height": 46,
                      "justifyContent": "center",
                    },
                    null,
                  ]
                }
              >
                <Text
                  selectable={false}
                  style={
                    [
                      {
                        "textAlign": "left",
                      },
                      {
                        "color": "rgba(28, 27, 31, 1)",
                        "fontFamily": "System",
                        "fontWeight": "400",
                        "letterSpacing": 0,
                      },
                      {
                        "writingDirection": "ltr",
                      },
                      [
                        {
                          "fontSize": 16,
                        },
                        {
                          "color": "rgba(73, 69, 79, 1)",
                        },
                        {
                          "fontFamily": "System",
                          "fontSize": 16,
                          "fontWeight": "400",
                          "letterSpacing": 0.15,
                          "lineHeight": 24,
                        },
                      ],
                    ]
                  }
                >
                  1821
                </Text>
              </View>
            </View>
          </View>
          <View
            style={
              {
                "flex": 1,
                "height": 62,
                "justifyContent": "center",
                "marginLeft": 16,
                "marginRight": 16,
              }
            }
          >
            <View
              accessibilityLabel="1822"
              accessibilityRole="button"
              accessibilityState={
                {
                  "disabled": false,
                }
              }
              accessible={true}
              collapsable={false}
              focusable={true}
              onBlur={[Function]}
              onClick={[Function]}
              onFocus={[Function]}
              onResponderGrant={[Function]}
              onResponderMove={[Function]}
              onResponderRelease={[Function]}
              onResponderTerminate={[Function]}
              onResponderTerminationRequest={[Function]}
              onStartShouldSetResponder={[Function]}
              style={
                [
                  false,
                  false,
                  {
                    "borderRadius": 23,
                    "overflow": "hidden",
                  },
                ]
              }
            >
              <View
                style={
                  [
                    {
                      "alignItems": "center",
                      "borderRadius": 23,
                      "height": 46,
                      "justifyContent": "center",
                    },
                    null,
                  ]
                }
              >
                <Text
                  selectable={false}
                  style={
                    [
                      {
                        "textAlign": "left",
                      },
                      {
                        "color": "rgba(28, 27, 31, 1)",
                        "fontFamily": "System",
                        "fontWeight": "400",
                        "letterSpacing": 0,
                      },
                      {
                        "writingDirection": "ltr",
                      },
                      [
                        {
                          "fontSize": 16,
                        },
                        {
                          "color": "rgba(73, 69, 79, 1)",
                        },
                        {
                          "fontFamily": "System",
                          "fontSize": 16,
                          "fontWeight": "400",
                          "letterSpacing": 0.15,
                          "lineHeight": 24,
                        },
                      ],
                    ]
                  }
                >
                  1822
                </Text>
              </View>
            </View>
          </View>
          <View
            style={
              {
                "flex": 1,
                "height": 62,
                "justifyContent": "center",
                "marginLeft": 16,
                "marginRight": 16,
              }
            }
          >
            <View
              accessibilityLabel="1823"
              accessibilityRole="button"
              accessibilityState={
                {
                  "disabled": false,
                }
              }
              accessible={true}
              collapsable={false}
              focusable={true}
              onBlur={[Function]}
              onClick={[Function]}
              onFocus={[Function]}
              onResponderGrant={[Function]}
              onResponderMove={[Function]}
              onResponderRelease={[Function]}
              onResponderTerminate={[Function]}
              onResponderTerminationRequest={[Function]}
              onStartShouldSetResponder={[Function]}
              style={
                [
                  false,
                  false,
                  {
                    "borderRadius": 23,
                    "overflow": "hidden",
                  },
                ]
              }
            >
              <View
                style={
                  [
                    {
                      "alignItems": "center",
                      "borderRadius": 23,
                      "height": 46,
                      "justifyContent": "center",
                    },
                    null,
                  ]
                }
              >
                <Text
                  selectable={false}
                  style={
                    [
                      {
                        "textAlign": "left",
                      },
                      {
                        "color": "rgba(28, 27, 31, 1)",
                        "fontFamily": "System",
                        "fontWeight": "400",
                        "letterSpacing": 0,
                      },
                      {
                        "writingDirection": "ltr",
                      },
                      [
                        {
                          "fontSize": 16,
                        },
                        {
                          "color": "rgba(73, 69, 79, 1)",
                        },
                        {
                          "fontFamily": "System",
                          "fontSize": 16,
                          "fontWeight": "400",
                          "letterSpacing": 0.15,
                          "lineHeight": 24,
                        },
                      ],
                    ]
                  }
                >
                  1823
                </Text>
              </View>
            </View>
          </View>
        </View>
      </View>
      <View
        onLayout={[Function]}
        style={null}
      >
        <View
          style={
            {
              "flexDirection": "row",
            }
          }
        >
          <View
            style={
              {
                "flex": 1,
                "height": 62,
                "justifyContent": "center",
                "marginLeft": 16,
                "marginRight": 16,
              }
            }
          >
            <View
              accessibilityLabel="1824"
              accessibilityRole="button"
              accessibilityState={
                {
                  "disabled": false,
                }
              }
              accessible={true}
              collapsable={false}
              focusable={true}
              onBlur={[Function]}
              onClick={[Function]}
              onFocus={[Function]}
              onResponderGrant={[Function]}
              onResponderMove={[Function]}
              onResponderRelease={[Function]}
              onResponderTerminate={[Function]}
              onResponderTerminationRequest={[Function]}
              onStartShouldSetResponder={[Function]}
              style={
                [
                  false,
                  false,
                  {
                    "borderRadius": 23,
                    "overflow": "hidden",
                  },
                ]
              }
            >
              <View
                style={
                  [
                    {
                      "alignItems": "center",
                      "borderRadius": 23,
                      "height": 46,
                      "justifyContent": "center",
                    },
                    null,
                  ]
                }
              >
                <Text
                  selectable={false}
                  style={
                    [
                      {
                        "textAlign": "left",
                      },
                      {
                        "color": "rgba(28, 27, 31, 1)",
                        "fontFamily": "System",
                        "fontWeight": "400",
                        "letterSpacing": 0,
                      },
                      {
                        "writingDirection": "ltr",
                      },
                      [
                        {
                          "fontSize": 16,
                        },
                        {
                          "color": "rgba(73, 69, 79, 1)",
                        },
                        {
                          "fontFamily": "System",
                          "fontSize": 16,
                          "fontWeight": "400",
                          "letterSpacing": 0.15,
                          "lineHeight": 24,
                        },
                      ],
                    ]
                  }
                >
                  1824
                </Text>
              </View>
            </View>
          </View>
          <View
            style={
              {
                "flex": 1,
                "height": 62,
                "justifyContent": "center",
                "marginLeft": 16,
                "marginRight": 16,
              }
            }
          >
            <View
              accessibilityLabel="1825"
              accessibilityRole="button"
              accessibilityState={
                {
                  "disabled": false,
                }
              }
              accessible={true}
              collapsable={false}
              focusable={true}
              onBlur={[Function]}
              onClick={[Function]}
              onFocus={[Function]}
              onResponderGrant={[Function]}
              onResponderMove={[Function]}
              onResponderRelease={[Function]}
              onResponderTerminate={[Function]}
              onResponderTerminationRequest={[Function]}
              onStartShouldSetResponder={[Function]}
              style={
                [
                  false,
                  false,
                  {
                    "borderRadius": 23,
                    "overflow": "hidden",
                  },
                ]
              }
            >
              <View
                style={
                  [
                    {
                      "alignItems": "center",
                      "borderRadius": 23,
                      "height": 46,
                      "justifyContent": "center",
                    },
                    null,
                  ]
                }
              >
                <Text
                  selectable={false}
                  style={
                    [
                      {
                        "textAlign": "left",
                      },
                      {
                        "color": "rgba(28, 27, 31, 1)",
                        "fontFamily": "System",
                        "fontWeight": "400",
                        "letterSpacing": 0,
                      },
                      {
                        "writingDirection": "ltr",
                      },
                      [
                        {
                          "fontSize": 16,
                        },
                        {
                          "color": "rgba(73, 69, 79, 1)",
                        },
                        {
                          "fontFamily": "System",
                          "fontSize": 16,
                          "fontWeight": "400",
                          "letterSpacing": 0.15,
                          "lineHeight": 24,
                        },
                      ],
                    ]
                  }
                >
                  1825
                </Text>
              </View>
            </View>
          </View>
          <View
            style={
              {
                "flex": 1,
                "height": 62,
                "justifyContent": "center",
                "marginLeft": 16,
                "marginRight": 16,
              }
            }
          >
            <View
              accessibilityLabel="1826"
              accessibilityRole="button"
              accessibilityState={
                {
                  "disabled": false,
                }
              }
              accessible={true}
              collapsable={false}
              focusable={true}
              onBlur={[Function]}
              onClick={[Function]}
              onFocus={[Function]}
              onResponderGrant={[Function]}
              onResponderMove={[Function]}
              onResponderRelease={[Function]}
              onResponderTerminate={[Function]}
              onResponderTerminationRequest={[Function]}
              onStartShouldSetResponder={[Function]}
              style={
                [
                  false,
                  false,
                  {
                    "borderRadius": 23,
                    "overflow": "hidden",
                  },
                ]
              }
            >
              <View
                style={
                  [
                    {
                      "alignItems": "center",
                      "borderRadius": 23,
                      "height": 46,
                      "justifyContent": "center",
                    },
                    null,
                  ]
                }
              >
                <Text
                  selectable={false}
                  style={
                    [
                      {
                        "textAlign": "left",
                      },
                      {
                        "color": "rgba(28, 27, 31, 1)",
                        "fontFamily": "System",
                        "fontWeight": "400",
                        "letterSpacing": 0,
                      },
                      {
                        "writingDirection": "ltr",
                      },
                      [
                        {
                          "fontSize": 16,
                        },
                        {
                          "color": "rgba(73, 69, 79, 1)",
                        },
                        {
                          "fontFamily": "System",
                          "fontSize": 16,
                          "fontWeight": "400",
                          "letterSpacing": 0.15,
                          "lineHeight": 24,
                        },
                      ],
                    ]
                  }
                >
                  1826
                </Text>
              </View>
            </View>
          </View>
        </View>
      </View>
      <View
        onLayout={[Function]}
        style={null}
      >
        <View
          style={
            {
              "flexDirection": "row",
            }
          }
        >
          <View
            style={
              {
                "flex": 1,
                "height": 62,
                "justifyContent": "center",
                "marginLeft": 16,
                "marginRight": 16,
              }
            }
          >
            <View
              accessibilityLabel="1827"
              accessibilityRole="button"
              accessibilityState={
                {
                  "disabled": false,
                }
              }
              accessible={true}
              collapsable={false}
              focusable={true}
              onBlur={[Function]}
              onClick={[Function]}
              onFocus={[Function]}
              onResponderGrant={[Function]}
              onResponderMove={[Function]}
              onResponderRelease={[Function]}
              onResponderTerminate={[Function]}
              onResponderTerminationRequest={[Function]}
              onStartShouldSetResponder={[Function]}
              style={
                [
                  false,
                  false,
                  {
                    "borderRadius": 23,
                    "overflow": "hidden",
                  },
                ]
              }
            >
              <View
                style={
                  [
                    {
                      "alignItems": "center",
                      "borderRadius": 23,
                      "height": 46,
                      "justifyContent": "center",
                    },
                    null,
                  ]
                }
              >
                <Text
                  selectable={false}
                  style={
                    [
                      {
                        "textAlign": "left",
                      },
                      {
                        "color": "rgba(28, 27, 31, 1)",
                        "fontFamily": "System",
                        "fontWeight": "400",
                        "letterSpacing": 0,
                      },
                      {
                        "writingDirection": "ltr",
                      },
                      [
                        {
                          "fontSize": 16,
                        },
                        {
                          "color": "rgba(73, 69, 79, 1)",
                        },
                        {
                          "fontFamily": "System",
                          "fontSize": 16,
                          "fontWeight": "400",
                          "letterSpacing": 0.15,
                          "lineHeight": 24,
                        },
                      ],
                    ]
                  }
                >
                  1827
                </Text>
              </View>
            </View>
          </View>
          <View
            style={
              {
                "flex": 1,
                "height": 62,
                "justifyContent": "center",
                "marginLeft": 16,
                "marginRight": 16,
              }
            }
          >
            <View
              accessibilityLabel="1828"
              accessibilityRole="button"
              accessibilityState={
                {
                  "disabled": false,
                }
              }
              accessible={true}
              collapsable={false}
              focusable={true}
              onBlur={[Function]}
              onClick={[Function]}
              onFocus={[Function]}
              onResponderGrant={[Function]}
              onResponderMove={[Function]}
              onResponderRelease={[Function]}
              onResponderTerminate={[Function]}
              onResponderTerminationRequest={[Function]}
              onStartShouldSetResponder={[Function]}
              style={
                [
                  false,
                  false,
                  {
                    "borderRadius": 23,
                    "overflow": "hidden",
                  },
                ]
              }
            >
              <View
                style={
                  [
                    {
                      "alignItems": "center",
                      "borderRadius": 23,
                      "height": 46,
                      "justifyContent": "center",
                    },
                    null,
                  ]
                }
              >
                <Text
                  selectable={false}
                  style={
                    [
                      {
                        "textAlign": "left",
                      },
                      {
                        "color": "rgba(28, 27, 31, 1)",
                        "fontFamily": "System",
                        "fontWeight": "400",
                        "letterSpacing": 0,
                      },
                      {
                        "writingDirection": "ltr",
                      },
                      [
                        {
                          "fontSize": 16,
                        },
                        {
                          "color": "rgba(73, 69, 79, 1)",
                        },
                        {
                          "fontFamily": "System",
                          "fontSize": 16,
                          "fontWeight": "400",
                          "letterSpacing": 0.15,
                          "lineHeight": 24,
                        },
                      ],
                    ]
                  }
                >
                  1828
                </Text>
              </View>
            </View>
          </View>
          <View
            style={
              {
                "flex": 1,
                "height": 62,
                "justifyContent": "center",
                "marginLeft": 16,
                "marginRight": 16,
              }
            }
          >
            <View
              accessibilityLabel="1829"
              accessibilityRole="button"
              accessibilityState={
                {
                  "disabled": false,
                }
              }
              accessible={true}
              collapsable={false}
              focusable={true}
              onBlur={[Function]}
              onClick={[Function]}
              onFocus={[Function]}
              onResponderGrant={[Function]}
              onResponderMove={[Function]}
              onResponderRelease={[Function]}
              onResponderTerminate={[Function]}
              onResponderTerminationRequest={[Function]}
              onStartShouldSetResponder={[Function]}
              style={
                [
                  false,
                  false,
                  {
                    "borderRadius": 23,
                    "overflow": "hidden",
                  },
                ]
              }
            >
              <View
                style={
                  [
                    {
                      "alignItems": "center",
                      "borderRadius": 23,
                      "height": 46,
                      "justifyContent": "center",
                    },
                    null,
                  ]
                }
              >
                <Text
                  selectable={false}
                  style={
                    [
                      {
                        "textAlign": "left",
                      },
                      {
                        "color": "rgba(28, 27, 31, 1)",
                        "fontFamily": "System",
                        "fontWeight": "400",
                        "letterSpacing": 0,
                      },
                      {
                        "writingDirection": "ltr",
                      },
                      [
                        {
                          "fontSize": 16,
                        },
                        {
                          "color": "rgba(73, 69, 79, 1)",
                        },
                        {
                          "fontFamily": "System",
                          "fontSize": 16,
                          "fontWeight": "400",
                          "letterSpacing": 0.15,
                          "lineHeight": 24,
                        },
                      ],
                    ]
                  }
                >
                  1829
                </Text>
              </View>
            </View>
          </View>
        </View>
      </View>
      <View
        style={
          {
            "height": 0,
          }
        }
      />
    </View>
  </RCTScrollView>
</View>
`;
